Nothing to build in platform 'hdmi_vdma'

22:50:24 **** Incremental Build of configuration Release for project Pong ****
make all 
make --no-print-directory pre-build
a9-linaro-pre-build-step
' '
make --no-print-directory main-build
'Building file: ../src/udp_perf_server.c'
'Invoking: ARM v7 gcc compiler'
arm-none-eabi-gcc -Wall -O2 -c -fmessage-length=0 -MT"src/udp_perf_server.o" -mcpu=cortex-a9 -mfpu=vfpv3 -mfloat-abi=hard -IC:/Users/12302093/AppData/Roaming/Xilinx/Vivado/myproj/Vitis4/hdmi_vdma/export/hdmi_vdma/sw/hdmi_vdma/freertos10_xilinx_ps7_cortexa9_0/bspinclude/include -MMD -MP -MF"src/udp_perf_server.d" -MT"src/udp_perf_server.o" -o "src/udp_perf_server.o" "../src/udp_perf_server.c"
'Finished building: ../src/udp_perf_server.c'
' '
'Building target: Pong.elf'
'Invoking: ARM v7 gcc linker'
arm-none-eabi-gcc -mcpu=cortex-a9 -mfpu=vfpv3 -mfloat-abi=hard -Wl,-build-id=none -specs=Xilinx.spec -Wl,-T -Wl,../src/lscript.ld -LC:/Users/12302093/AppData/Roaming/Xilinx/Vivado/myproj/Vitis4/hdmi_vdma/export/hdmi_vdma/sw/hdmi_vdma/freertos10_xilinx_ps7_cortexa9_0/bsplib/lib -o "Pong.elf"  ./src/iic_phyreset.o ./src/main.o ./src/udp_perf_server.o   -Wl,--start-group,-lxil,-lfreertos,-lgcc,-lc,--end-group -Wl,--start-group,-lxil,-llwip4,-lgcc,-lc,--end-group
'Finished building target: Pong.elf'
' '
'Invoking: ARM v7 Print Size'
arm-none-eabi-size Pong.elf  |tee "Pong.elf.size"
   text	   data	    bss	    dec	    hex	filename
 187577	   3444	41023552	41214573	274e26d	Pong.elf
'Finished building: Pong.elf.size'
' '
